###############################################################################
#                                                                             #
# IAR ELF Linker V6.21.1.52794/W32 for ARM              30/Sep/2013  13:56:40 #
# Copyright 2007-2011 IAR Systems AB.                                         #
#                                                                             #
#    Output file  =  C:\Proj\EKLZ_ALKO\IAR_EWARM\Flash100\Exe\LPC1700CMSIS.ou #
#                    t.tmp                                                    #
#    Map file     =  C:\Proj\EKLZ_ALKO\IAR_EWARM\Flash100\List\LPC1700CMSIS.m #
#                    ap                                                       #
#    Command line =  C:\Proj\EKLZ_ALKO\IAR_EWARM\Flash100\Obj\Command.o       #
#                    C:\Proj\EKLZ_ALKO\IAR_EWARM\Flash100\Obj\Flash.o         #
#                    C:\Proj\EKLZ_ALKO\IAR_EWARM\Flash100\Obj\Init.o          #
#                    C:\Proj\EKLZ_ALKO\IAR_EWARM\Flash100\Obj\Modem.o         #
#                    C:\Proj\EKLZ_ALKO\IAR_EWARM\Flash100\Obj\Spi.o           #
#                    C:\Proj\EKLZ_ALKO\IAR_EWARM\Flash100\Obj\Timer.o         #
#                    C:\Proj\EKLZ_ALKO\IAR_EWARM\Flash100\Obj\Uart.o          #
#                    C:\Proj\EKLZ_ALKO\IAR_EWARM\Flash100\Obj\crypto.o        #
#                    C:\Proj\EKLZ_ALKO\IAR_EWARM\Flash100\Obj\debug_frmwrk.o  #
#                    C:\Proj\EKLZ_ALKO\IAR_EWARM\Flash100\Obj\i2c.o           #
#                    C:\Proj\EKLZ_ALKO\IAR_EWARM\Flash100\Obj\lpc17xx_adc.o   #
#                    C:\Proj\EKLZ_ALKO\IAR_EWARM\Flash100\Obj\lpc17xx_can.o   #
#                    C:\Proj\EKLZ_ALKO\IAR_EWARM\Flash100\Obj\lpc17xx_clkpwr. #
#                    o C:\Proj\EKLZ_ALKO\IAR_EWARM\Flash100\Obj\lpc17xx_dac.o #
#                     C:\Proj\EKLZ_ALKO\IAR_EWARM\Flash100\Obj\lpc17xx_emac.o #
#                     C:\Proj\EKLZ_ALKO\IAR_EWARM\Flash100\Obj\lpc17xx_exti.o #
#                     C:\Proj\EKLZ_ALKO\IAR_EWARM\Flash100\Obj\lpc17xx_gpdma. #
#                    o C:\Proj\EKLZ_ALKO\IAR_EWARM\Flash100\Obj\lpc17xx_gpio. #
#                    o C:\Proj\EKLZ_ALKO\IAR_EWARM\Flash100\Obj\lpc17xx_i2c.o #
#                     C:\Proj\EKLZ_ALKO\IAR_EWARM\Flash100\Obj\lpc17xx_i2s.o  #
#                    C:\Proj\EKLZ_ALKO\IAR_EWARM\Flash100\Obj\lpc17xx_libcfg_ #
#                    default.o C:\Proj\EKLZ_ALKO\IAR_EWARM\Flash100\Obj\lpc17 #
#                    xx_mcpwm.o C:\Proj\EKLZ_ALKO\IAR_EWARM\Flash100\Obj\lpc1 #
#                    7xx_nvic.o C:\Proj\EKLZ_ALKO\IAR_EWARM\Flash100\Obj\lpc1 #
#                    7xx_pinsel.o C:\Proj\EKLZ_ALKO\IAR_EWARM\Flash100\Obj\lp #
#                    c17xx_pwm.o C:\Proj\EKLZ_ALKO\IAR_EWARM\Flash100\Obj\lpc #
#                    17xx_qei.o C:\Proj\EKLZ_ALKO\IAR_EWARM\Flash100\Obj\lpc1 #
#                    7xx_rit.o C:\Proj\EKLZ_ALKO\IAR_EWARM\Flash100\Obj\lpc17 #
#                    xx_rtc.o C:\Proj\EKLZ_ALKO\IAR_EWARM\Flash100\Obj\lpc17x #
#                    x_spi.o C:\Proj\EKLZ_ALKO\IAR_EWARM\Flash100\Obj\lpc17xx #
#                    _ssp.o C:\Proj\EKLZ_ALKO\IAR_EWARM\Flash100\Obj\lpc17xx_ #
#                    systick.o C:\Proj\EKLZ_ALKO\IAR_EWARM\Flash100\Obj\lpc17 #
#                    xx_timer.o C:\Proj\EKLZ_ALKO\IAR_EWARM\Flash100\Obj\lpc1 #
#                    7xx_uart.o C:\Proj\EKLZ_ALKO\IAR_EWARM\Flash100\Obj\lpc1 #
#                    7xx_wdt.o C:\Proj\EKLZ_ALKO\IAR_EWARM\Flash100\Obj\main. #
#                    o C:\Proj\EKLZ_ALKO\IAR_EWARM\Flash100\Obj\startup_LPC17 #
#                    xx.o C:\Proj\EKLZ_ALKO\IAR_EWARM\Flash100\Obj\system_LPC #
#                    17xx.o --redirect _Printf=_PrintfFull --redirect         #
#                    _Scanf=_ScanfFull -o C:\Proj\EKLZ_ALKO\IAR_EWARM\Flash10 #
#                    0\Exe\LPC1700CMSIS.out.tmp --map                         #
#                    C:\Proj\EKLZ_ALKO\IAR_EWARM\Flash100\List\LPC1700CMSIS.m #
#                    ap --config c:\Proj\EKLZ_ALKO\makesection\makerule\commo #
#                    n\ldscript_irom_iar.ld --semihosting --entry             #
#                    __iar_program_start --vfe                                #
#                                                                             #
#                                                                             #
###############################################################################

*******************************************************************************
*** RUNTIME MODEL ATTRIBUTES
***

CppFlavor       = *
__SystemLibrary = DLib


*******************************************************************************
*** PLACEMENT SUMMARY
***

"A1":  place at 0x00000000 { section .intvec };
"P1":  place in [from 0x00000000 to 0x00000fff] |
                [from 0x00002000 to 0x0007ffff] { ro };
"P2":  place in [from 0x10000000 to 0x10007fdf] { rw, block CSTACK, block HEAP };

  Section            Kind        Address    Size  Object
  -------            ----        -------    ----  ------
"A1":                                       0xcc
  .intvec            ro code  0x00000000    0xcc  startup_LPC17xx.o [1]
                            - 0x000000cc    0xcc

"P1", part 1 of 2:                           0x8
  Initializer bytes  ro data  0x000000cc     0x5  <for P2 s0>
                            - 0x000000d1     0x5

"P1", part 2 of 2:                        0x2c5c
  .text              ro code  0x00002000   0x7d0  lpc17xx_uart.o [1]
  .text              ro code  0x000027d0   0x108  lpc17xx_clkpwr.o [1]
  .text              ro code  0x000028d8    0xfa  main.o [1]
  .text              ro code  0x000029d2    0x22  zero_init3.o [5]
  .text              ro code  0x000029f4   0x3c2  Uart.o [1]
  .text              ro code  0x00002db8   0x1ec  Timer.o [1]
  .text              ro code  0x00002fa4    0x7a  Init.o [1]
  .text              ro code  0x00003020   0x124  Spi.o [1]
  .text              ro code  0x00003144   0x1a8  i2c.o [1]
  .text              ro code  0x000032ec    0x44  Modem.o [1]
  .text              ro code  0x00003330   0x424  Command.o [1]
  .text              ro code  0x00003754    0xf4  lpc17xx_pinsel.o [1]
  .text              ro code  0x00003848    0xa4  lpc17xx_gpio.o [1]
  .text              ro code  0x000038ec    0xe8  lpc17xx_systick.o [1]
  .text              ro code  0x000039d4   0x240  system_LPC17xx.o [1]
  .text              ro code  0x00003c14   0x480  lpc17xx_timer.o [1]
  .text              ro code  0x00004094    0xbc  lpc17xx_spi.o [1]
  .text              ro code  0x00004150   0x5c0  crypto.o [1]
  .text              ro code  0x00004710    0x28  Flash.o [1]
  .text              ro code  0x00004738    0x16  Command.o [1]
  .text              ro code  0x00004750    0x1c  I32ToFlt.o [4]
  .text              ro code  0x0000476c    0x24  FltCmpLe.o [4]
  .text              ro code  0x00004790   0x12e  I64DivMod.o [5]
  .text              ro code  0x000048be    0x16  Flash.o [1]
  .text              ro code  0x000048d4    0x66  ABImemset.o [5]
  .text              ro code  0x0000493c     0x2  I64DivZer.o [5]
  .text              ro code  0x00004940    0x70  ABImemcpy.o [5]
  .text              ro code  0x000049b0    0x7c  rle_init3.o [5]
  .rodata            const    0x00004a2c    0x34  lpc17xx_systick.o [1]
  .rodata            const    0x00004a60    0x34  lpc17xx_timer.o [1]
  .rodata            const    0x00004a94    0x30  lpc17xx_spi.o [1]
  .rodata            const    0x00004ac4    0x30  lpc17xx_uart.o [1]
  .text              ro code  0x00004af4    0x2c  data_init3.o [5]
  .iar.init_table    const    0x00004b20    0x2c  - Linker created -
  .text              ro code  0x00004b4c    0x16  cmain.o [5]
  .text              ro code  0x00004b62     0x4  low_level_init.o [3]
  .text              ro code  0x00004b66     0x8  exit.o [3]
  .text              ro code  0x00004b70     0xa  cexit.o [5]
  .text              ro code  0x00004b7c    0x14  exit.o [6]
  .text              ro code  0x00004b90    0x10  startup_LPC17xx.o [1]
  .text              ro code  0x00004ba0     0xc  cstartup_M.o [5]
  .text              ro code  0x00004bac     0x4  startup_LPC17xx.o [1]
  .text              ro code  0x00004bb0     0x4  startup_LPC17xx.o [1]
  .text              ro code  0x00004bb4     0x4  startup_LPC17xx.o [1]
  .text              ro code  0x00004bb8     0x4  startup_LPC17xx.o [1]
  .text              ro code  0x00004bbc     0x4  startup_LPC17xx.o [1]
  .text              ro code  0x00004bc0     0x4  startup_LPC17xx.o [1]
  .text              ro code  0x00004bc4     0x4  startup_LPC17xx.o [1]
  .text              ro code  0x00004bc8     0x4  startup_LPC17xx.o [1]
  .text              ro code  0x00004bcc     0x4  startup_LPC17xx.o [1]
  .text              ro code  0x00004bd0     0x4  startup_LPC17xx.o [1]
  .text              ro code  0x00004bd4     0x4  startup_LPC17xx.o [1]
  .text              ro code  0x00004bd8     0x4  startup_LPC17xx.o [1]
  .text              ro code  0x00004bdc     0x4  startup_LPC17xx.o [1]
  .text              ro code  0x00004be0     0x4  startup_LPC17xx.o [1]
  .text              ro code  0x00004be4     0x4  startup_LPC17xx.o [1]
  .text              ro code  0x00004be8     0x4  startup_LPC17xx.o [1]
  .text              ro code  0x00004bec     0x4  startup_LPC17xx.o [1]
  .text              ro code  0x00004bf0     0x4  startup_LPC17xx.o [1]
  .text              ro code  0x00004bf4     0x4  startup_LPC17xx.o [1]
  .text              ro code  0x00004bf8     0x4  startup_LPC17xx.o [1]
  .text              ro code  0x00004bfc     0x4  startup_LPC17xx.o [1]
  .text              ro code  0x00004c00     0x4  startup_LPC17xx.o [1]
  .text              ro code  0x00004c04     0x4  startup_LPC17xx.o [1]
  .text              ro code  0x00004c08     0x4  startup_LPC17xx.o [1]
  .text              ro code  0x00004c0c     0x4  startup_LPC17xx.o [1]
  .text              ro code  0x00004c10     0x4  startup_LPC17xx.o [1]
  .text              ro code  0x00004c14     0x4  startup_LPC17xx.o [1]
  .text              ro code  0x00004c18     0x4  startup_LPC17xx.o [1]
  .text              ro code  0x00004c1c     0x4  startup_LPC17xx.o [1]
  .text              ro code  0x00004c20     0x4  startup_LPC17xx.o [1]
  .text              ro code  0x00004c24     0x4  startup_LPC17xx.o [1]
  .text              ro code  0x00004c28     0x4  startup_LPC17xx.o [1]
  .text              ro code  0x00004c2c     0x4  startup_LPC17xx.o [1]
  .text              ro code  0x00004c30     0x4  startup_LPC17xx.o [1]
  .text              ro code  0x00004c34     0x4  startup_LPC17xx.o [1]
  .text              ro code  0x00004c38     0x4  startup_LPC17xx.o [1]
  .text              ro code  0x00004c3c     0x4  startup_LPC17xx.o [1]
  .text              ro code  0x00004c40     0x4  startup_LPC17xx.o [1]
  .text              ro code  0x00004c44     0x4  startup_LPC17xx.o [1]
  .text              ro code  0x00004c48     0x4  startup_LPC17xx.o [1]
  .text              ro code  0x00004c4c     0x4  startup_LPC17xx.o [1]
  .text              ro code  0x00004c50     0x4  startup_LPC17xx.o [1]
  .text              ro code  0x00004c54     0x4  startup_LPC17xx.o [1]
  .text              ro code  0x00004c58     0x4  startup_LPC17xx.o [1]
  .rodata            const    0x00004c5c     0x0  bwt_init3c.o [5]
                            - 0x00004c5c  0x2c5c

"P2", part 1 of 3:                           0x4
  P2 s0                       0x10000000     0x4  <Init block>
    .data            inited   0x10000000     0x4  system_LPC17xx.o [1]
                            - 0x10000004     0x4

"P2", part 2 of 3:                         0xa84
  .bss               zero     0x10000004   0x800  Modem.o [1]
  .bss               zero     0x10000804   0x100  Uart.o [1]
  .bss               zero     0x10000904   0x100  Uart.o [1]
  .bss               zero     0x10000a04    0x20  Command.o [1]
  .bss               zero     0x10000a24     0xc  Timer.o [1]
  .bss               zero     0x10000a30     0xc  Timer.o [1]
  .bss               zero     0x10000a3c     0x8  Timer.o [1]
  .bss               zero     0x10000a44     0x8  Timer.o [1]
  .bss               zero     0x10000a4c     0x8  Uart.o [1]
  .bss               zero     0x10000a54     0x8  Uart.o [1]
  .bss               zero     0x10000a5c     0x4  Modem.o [1]
  .bss               zero     0x10000a60     0x4  Modem.o [1]
  .bss               zero     0x10000a64     0x4  Timer.o [1]
  .bss               zero     0x10000a68     0x4  Uart.o [1]
  .bss               zero     0x10000a6c     0x4  Uart.o [1]
  .bss               zero     0x10000a70     0x4  Uart.o [1]
  .bss               zero     0x10000a74     0x4  Uart.o [1]
  .bss               zero     0x10000a78     0x4  crypto.o [1]
  .bss               zero     0x10000a7c     0x4  i2c.o [1]
  .bss               zero     0x10000a80     0x1  Modem.o [1]
  .bss               zero     0x10000a81     0x1  Uart.o [1]
  .bss               zero     0x10000a82     0x1  Uart.o [1]
  .bss               zero     0x10000a83     0x1  crypto.o [1]
  .bss               zero     0x10000a84     0x1  main.o [1]
                            - 0x10000a85   0xa81

"P2", part 3 of 3:                         0x500
  CSTACK                      0x10000a88   0x500  <Block>
    CSTACK           uninit   0x10000a88   0x500  <Block tail>
                            - 0x10000f88   0x500


*******************************************************************************
*** INIT TABLE
***

          Address     Size
          -------     ----
Zero (__iar_zero_init3)
    1 destination range, total size 0xa81:
          0x10000004  0xa81

Copy/zeros (__iar_rle_init3)
    1 source range, total size 0x5 (125% of destination):
          0x000000cc    0x5
    1 destination range, total size 0x4:
          0x10000000    0x4


*******************************************************************************
*** MODULE SUMMARY
***

    Module             ro code  ro data  rw data
    ------             -------  -------  -------
C:\Proj\EKLZ_ALKO\IAR_EWARM\Flash100\Obj: [1]
    Command.o            1 082                32
    Flash.o                 62
    Init.o                 122
    Modem.o                 68             2 057
    Spi.o                  292
    Timer.o                492                44
    Uart.o                 962               546
    crypto.o             1 472                 5
    i2c.o                  424                 4
    lpc17xx_clkpwr.o       264
    lpc17xx_gpio.o         164
    lpc17xx_pinsel.o       244
    lpc17xx_spi.o          188       48
    lpc17xx_systick.o      232       52
    lpc17xx_timer.o      1 152       52
    lpc17xx_uart.o       2 000       48
    main.o                 250                 1
    startup_LPC17xx.o      396
    system_LPC17xx.o       576        5        4
    --------------------------------------------
    Total:              10 442      205    2 693

command line: [2]
    --------------------------------------------
    Total:

dl7M_tln.a: [3]
    exit.o                   8
    low_level_init.o         4
    --------------------------------------------
    Total:                  12

m7M_tl.a: [4]
    FltCmpLe.o              36
    I32ToFlt.o              28
    --------------------------------------------
    Total:                  64

rt7M_tl.a: [5]
    ABImemcpy.o            112
    ABImemset.o            102
    I64DivMod.o            302
    I64DivZer.o              2
    bwt_init3c.o
    cexit.o                 10
    cmain.o                 22
    cstartup_M.o            12
    data_init3.o            44
    rle_init3.o            124
    zero_init3.o            34
    --------------------------------------------
    Total:                 764

shb_l.a: [6]
    exit.o                  20
    --------------------------------------------
    Total:                  20

    Gaps                    14
    Linker created                   44    1 280
------------------------------------------------
    Grand Total:        11 316      249    3 973


*******************************************************************************
*** ENTRY LIST
***

Entry                      Address   Size  Type      Object
-----                      -------   ----  ----      ------
?main                   0x00004b4d         Code  Gb  cmain.o [5]
ADC_IRQHandler          0x00004c29         Code  Wk  startup_LPC17xx.o [1]
ALKO                    0x10000a04   0x20  Data  Gb  Command.o [1]
BOD_IRQHandler          0x00004c2d         Code  Wk  startup_LPC17xx.o [1]
BusFault_Handler        0x00004bb9         Code  Wk  startup_LPC17xx.o [1]
CANActivity_IRQHandler  0x00004c59         Code  Wk  startup_LPC17xx.o [1]
CAN_IRQHandler          0x00004c35         Code  Wk  startup_LPC17xx.o [1]
CLKPWR_ConfigPPWR       0x00002897   0x2c  Code  Gb  lpc17xx_clkpwr.o [1]
CLKPWR_GetPCLK          0x00002845   0x52  Code  Gb  lpc17xx_clkpwr.o [1]
CLKPWR_GetPCLKSEL       0x00002821   0x24  Code  Gb  lpc17xx_clkpwr.o [1]
CLKPWR_SetPCLKDiv       0x000027d1   0x50  Code  Gb  lpc17xx_clkpwr.o [1]
CRY_Act                 0x000042a1   0xca  Code  Gb  crypto.o [1]
CRY_Close               0x0000436b   0xc2  Code  Gb  crypto.o [1]
CRY_Doc                 0x000045e3   0x8e  Code  Gb  crypto.o [1]
CRY_Dump                0x000044ed   0x92  Code  Gb  crypto.o [1]
CRY_Save                0x0000442d   0xc0  Code  Gb  crypto.o [1]
CRY_Status              0x00004229   0x36  Code  Gb  crypto.o [1]
CRY_Test                0x000041cf   0x5a  Code  Gb  crypto.o [1]
CRY_check               0x00004671   0x92  Code  Gb  crypto.o [1]
CRY_erase               0x0000425f   0x42  Code  Gb  crypto.o [1]
CRY_num                 0x00004177   0x58  Code  Gb  crypto.o [1]
CRY_one                 0x0000457f   0x32  Code  Gb  crypto.o [1]
CRY_two                 0x000045b1   0x32  Code  Gb  crypto.o [1]
CR_count                0x10000a80    0x1  Data  Gb  Modem.o [1]
CSTACK$$Base            0x10000a88          --   Gb  - Linker created -
CSTACK$$Limit           0x10000f88          --   Gb  - Linker created -
CS_Force                0x000030cd   0x38  Code  Gb  Spi.o [1]
Channel                 0x10000a84    0x1  Data  Gb  main.o [1]
DMA_IRQHandler          0x00004c39         Code  Wk  startup_LPC17xx.o [1]
DebugMon_Handler        0x00004bc5         Code  Wk  startup_LPC17xx.o [1]
EINT0_IRQHandler        0x00004c19         Code  Wk  startup_LPC17xx.o [1]
EINT1_IRQHandler        0x00004c1d         Code  Wk  startup_LPC17xx.o [1]
EINT2_IRQHandler        0x00004c21         Code  Wk  startup_LPC17xx.o [1]
EINT3_IRQHandler        0x00004c25         Code  Wk  startup_LPC17xx.o [1]
ENET_IRQHandler         0x00004c41         Code  Wk  startup_LPC17xx.o [1]
FlashInit               0x00004711    0x8  Code  Gb  Flash.o [1]
FlashRead               0x00004719   0x20  Code  Gb  Flash.o [1]
GPIO_ClearValue         0x000038c1   0x16  Code  Gb  lpc17xx_gpio.o [1]
GPIO_GetPointer         0x00003849   0x38  Code  Lc  lpc17xx_gpio.o [1]
GPIO_SetDir             0x00003881   0x2a  Code  Gb  lpc17xx_gpio.o [1]
GPIO_SetValue           0x000038ab   0x16  Code  Gb  lpc17xx_gpio.o [1]
Get_CRC                 0x00002da1   0x16  Code  Gb  Uart.o [1]
HardFault_Handler       0x00004bb1         Code  Wk  startup_LPC17xx.o [1]
I2C0_IRQHandler         0x00004bf9         Code  Wk  startup_LPC17xx.o [1]
I2C1_IRQHandler         0x0000315d  0x140  Code  Gb  i2c.o [1]
I2C2_IRQHandler         0x00004c01         Code  Wk  startup_LPC17xx.o [1]
I2CInit_0               0x0000329d   0x22  Code  Gb  i2c.o [1]
I2S_IRQHandler          0x00004c3d         Code  Wk  startup_LPC17xx.o [1]
Init_CRYPTO             0x0000365b   0xd4  Code  Gb  Command.o [1]
Init_GPIO               0x00002fa5   0x7a  Code  Gb  Init.o [1]
Init_SPI                0x00003021   0xac  Code  Gb  Spi.o [1]
Init_Timer0             0x00002e2f   0x4e  Code  Gb  Timer.o [1]
Init_Timer1             0x00002ed3   0x48  Code  Gb  Timer.o [1]
Init_Uart0              0x00002bcd   0x50  Code  Gb  Uart.o [1]
Init_Uart1              0x00002c1d  0x106  Code  Gb  Uart.o [1]
Init_Uart_Default       0x00002bb1   0x1c  Code  Gb  Uart.o [1]
Int_UART0_Disable       0x00002d2d    0xa  Code  Gb  Uart.o [1]
Int_UART0_Enable        0x00002d23    0xa  Code  Gb  Uart.o [1]
Int_UART1_Disable       0x00002d41    0xa  Code  Gb  Uart.o [1]
Int_UART1_Enable        0x00002d37    0xa  Code  Gb  Uart.o [1]
MAC                     0x10000a78    0x4  Data  Gb  crypto.o [1]
MCPWM_IRQHandler        0x00004c49         Code  Wk  startup_LPC17xx.o [1]
MemManage_Handler       0x00004bb5         Code  Wk  startup_LPC17xx.o [1]
NMI_Handler             0x00004bad         Code  Wk  startup_LPC17xx.o [1]
NVIC_DisableIRQ         0x00002a0f   0x1a  Code  Lc  Uart.o [1]
NVIC_EnableIRQ          0x000029f5   0x1a  Code  Lc  Uart.o [1]
NVIC_EnableIRQ          0x00003145   0x18  Code  Lc  i2c.o [1]
NVIC_EnableIRQ          0x000028d9   0x18  Code  Lc  main.o [1]
NVIC_SetPriority        0x00002a29   0x24  Code  Lc  Uart.o [1]
PINSEL_ConfigPin        0x00003825   0x24  Code  Gb  lpc17xx_pinsel.o [1]
PLL0_IRQHandler         0x00004c11         Code  Wk  startup_LPC17xx.o [1]
PLL1_IRQHandler         0x00004c51         Code  Wk  startup_LPC17xx.o [1]
PWM1_IRQHandler         0x00004bf5         Code  Wk  startup_LPC17xx.o [1]
PendSV_Handler          0x00004bc9         Code  Wk  startup_LPC17xx.o [1]
QEI_IRQHandler          0x00004c4d         Code  Wk  startup_LPC17xx.o [1]
RIT_IRQHandler          0x00004c45         Code  Wk  startup_LPC17xx.o [1]
RTC_IRQHandler          0x00004c15         Code  Wk  startup_LPC17xx.o [1]
Region$$Table$$Base     0x00004b20          --   Gb  - Linker created -
Region$$Table$$Limit    0x00004b4c          --   Gb  - Linker created -
Reset_Handler           0x00004b91         Code  Wk  startup_LPC17xx.o [1]
SB                      0x00004c5c         Data  Gb  bwt_init3c.o [5]
SPI_IRQHandler          0x00004c05         Code  Wk  startup_LPC17xx.o [1]
SPI_Init                0x000040e5   0x68  Code  Gb  lpc17xx_spi.o [1]
SPI_SetClock            0x00004095   0x50  Code  Gb  lpc17xx_spi.o [1]
SPY_Byte                0x00003105   0x30  Code  Gb  Spi.o [1]
SSP0_IRQHandler         0x00004c09         Code  Wk  startup_LPC17xx.o [1]
SSP1_IRQHandler         0x00004c0d         Code  Wk  startup_LPC17xx.o [1]
SVC_Handler             0x00004bc1         Code  Wk  startup_LPC17xx.o [1]
SYSTICK_Cmd             0x00003941   0x44  Code  Gb  lpc17xx_systick.o [1]
SYSTICK_IntCmd          0x00003985   0x44  Code  Gb  lpc17xx_systick.o [1]
SYSTICK_InternalInit    0x000038ed   0x54  Code  Gb  lpc17xx_systick.o [1]
SysTick_Handler         0x00002db9   0x2e  Code  Gb  Timer.o [1]
SystemCoreClock         0x10000000    0x4  Data  Gb  system_LPC17xx.o [1]
SystemCoreClockUpdate   0x000039d5  0x102  Code  Gb  system_LPC17xx.o [1]
SystemInit              0x00003ad7   0xdc  Code  Gb  system_LPC17xx.o [1]
TIM0_Config             0x10000a3c    0x8  Data  Gb  Timer.o [1]
TIM0_Match              0x10000a24    0xc  Data  Gb  Timer.o [1]
TIM1_Config             0x10000a44    0x8  Data  Gb  Timer.o [1]
TIM1_Match              0x10000a30    0xc  Data  Gb  Timer.o [1]
TIMER0_IRQHandler       0x00004bd5         Code  Wk  startup_LPC17xx.o [1]
TIMER1_IRQHandler       0x00004bd9         Code  Wk  startup_LPC17xx.o [1]
TIMER2_IRQHandler       0x00004bdd         Code  Wk  startup_LPC17xx.o [1]
TIMER3_IRQHandler       0x00004be1         Code  Wk  startup_LPC17xx.o [1]
TIM_ClearIntPending     0x00003d49   0x70  Code  Gb  lpc17xx_timer.o [1]
TIM_Cmd                 0x00003ef9   0x4c  Code  Gb  lpc17xx_timer.o [1]
TIM_ConfigMatch         0x00003f85  0x100  Code  Gb  lpc17xx_timer.o [1]
TIM_GetIntStatus        0x00003ccd   0x7c  Code  Gb  lpc17xx_timer.o [1]
TIM_Init                0x00003db9  0x140  Code  Gb  lpc17xx_timer.o [1]
TIM_ResetCounter        0x00003f45   0x40  Code  Gb  lpc17xx_timer.o [1]
Timer0_Start            0x00002e7d   0x26  Code  Gb  Timer.o [1]
Timer0_Status           0x00002ebb   0x18  Code  Gb  Timer.o [1]
Timer0_Stop             0x00002ea3   0x18  Code  Gb  Timer.o [1]
Timer1_Start            0x00002f1b   0x20  Code  Gb  Timer.o [1]
Timer1_Status           0x00002f4f   0x16  Code  Gb  Timer.o [1]
Timer1_Stop             0x00002f3b   0x14  Code  Gb  Timer.o [1]
Timer_Init              0x00002de7   0x20  Code  Gb  Timer.o [1]
Timer_Restart           0x00002e07    0x8  Code  Gb  Timer.o [1]
Timer_Start             0x00002e0f   0x10  Code  Gb  Timer.o [1]
Timer_Stop              0x00002e1f   0x10  Code  Gb  Timer.o [1]
UART0_Cfg               0x10000a4c    0x8  Data  Gb  Uart.o [1]
UART0_IRQHandler        0x00002aa9  0x108  Code  Gb  Uart.o [1]
UART1_Cfg               0x10000a54    0x8  Data  Gb  Uart.o [1]
UART1_IRQHandler        0x00002a4d   0x5c  Code  Gb  Uart.o [1]
UART2_IRQHandler        0x00004bed         Code  Wk  startup_LPC17xx.o [1]
UART3_IRQHandler        0x00004bf1         Code  Wk  startup_LPC17xx.o [1]
UARTFIFOConfigStruct    0x10000a68    0x4  Data  Gb  Uart.o [1]
UART_ConfigStructInit   0x00002379   0x14  Code  Gb  lpc17xx_uart.o [1]
UART_FIFOConfig         0x0000256d  0x10c  Code  Gb  lpc17xx_uart.o [1]
UART_FIFOConfigStructInit
                        0x00002679   0x12  Code  Gb  lpc17xx_uart.o [1]
UART_FullModemConfigMode
                        0x00002721   0x98  Code  Gb  lpc17xx_uart.o [1]
UART_Init               0x00002185  0x1f4  Code  Gb  lpc17xx_uart.o [1]
UART_IntConfig          0x0000241d  0x150  Code  Gb  lpc17xx_uart.o [1]
UART_ReceiveByte        0x000023d5   0x48  Code  Gb  lpc17xx_uart.o [1]
UART_SendByte           0x0000238d   0x48  Code  Gb  lpc17xx_uart.o [1]
UART_TxCmd              0x0000268d   0x94  Code  Gb  lpc17xx_uart.o [1]
USBActivity_IRQHandler  0x00004c55         Code  Wk  startup_LPC17xx.o [1]
USB_IRQHandler          0x00004c31         Code  Wk  startup_LPC17xx.o [1]
UsageFault_Handler      0x00004bbd         Code  Wk  startup_LPC17xx.o [1]
WDT_IRQHandler          0x00004bd1         Code  Wk  startup_LPC17xx.o [1]
WIN                     0x00004151   0x26  Code  Gb  crypto.o [1]
Wait                    0x00002f8d   0x18  Code  Gb  Timer.o [1]
Write_Buffer            0x000028f1   0x48  Code  Gb  main.o [1]
__Vectors               0x00000000          --   Gb  startup_LPC17xx.o [1]
__Vectors_End           0x000000cc         Data  Gb  startup_LPC17xx.o [1]
__Vectors_Size {Abs}    0x000000cc          --   Gb  startup_LPC17xx.o [1]
__aeabi_cfcmple         0x0000476d         Code  Gb  FltCmpLe.o [4]
__aeabi_ldiv0           0x0000493d         Code  Gb  I64DivZer.o [5]
__aeabi_ldivmod         0x00004791         Code  Gb  I64DivMod.o [5]
__aeabi_memcpy          0x00004941         Code  Gb  ABImemcpy.o [5]
__aeabi_memcpy4         0x0000495b         Code  Gb  ABImemcpy.o [5]
__aeabi_memcpy8         0x0000495b         Code  Gb  ABImemcpy.o [5]
__aeabi_memset          0x000048d5         Code  Gb  ABImemset.o [5]
__aeabi_ui2f            0x00004751         Code  Gb  I32ToFlt.o [4]
__aeabi_uldivmod        0x000047a5         Code  Gb  I64DivMod.o [5]
__cmain                 0x00004b4d         Code  Gb  cmain.o [5]
__exit                  0x00004b7d   0x14  Code  Gb  exit.o [6]
__iar_Memset            0x000048d5         Code  Gb  ABImemset.o [5]
__iar_Memset_word       0x000048dd         Code  Gb  ABImemset.o [5]
__iar_data_init3        0x00004af5   0x2c  Code  Gb  data_init3.o [5]
__iar_program_start     0x00004ba1         Code  Gb  cstartup_M.o [5]
__iar_rle_init3         0x000049b1   0x7c  Code  Gb  rle_init3.o [5]
__iar_ui2f              0x00004753         Code  Gb  I32ToFlt.o [4]
__iar_zero_init3        0x000029d3   0x22  Code  Gb  zero_init3.o [5]
__low_level_init        0x00004b63    0x4  Code  Gb  low_level_init.o [3]
__vector_table          0x00000000         Data  Gb  startup_LPC17xx.o [1]
__vector_table_0x1c     0x0000001c         Data  Gb  startup_LPC17xx.o [1]
_call_main              0x00004b59         Code  Gb  cmain.o [5]
_exit                   0x00004b71         Code  Gb  cexit.o [5]
_main                   0x00004b5f         Code  Gb  cmain.o [5]
buf_status              0x10000a81    0x1  Data  Gb  Uart.o [1]
c_entry                 0x00002939   0x72  Code  Gb  main.o [1]
check_failed            0x000029d1    0x2  Code  Gb  main.o [1]
command                 0x00003331  0x32a  Code  Gb  Command.o [1]
converPtrToTimeNum      0x00003c8f   0x3c  Code  Lc  lpc17xx_timer.o [1]
converUSecToVal         0x00003c53   0x3c  Code  Lc  lpc17xx_timer.o [1]
cry_stat                0x10000a83    0x1  Data  Gb  crypto.o [1]
data_rd_UART            0x10000804  0x100  Data  Gb  Uart.o [1]
data_wr_UART            0x10000904  0x100  Data  Gb  Uart.o [1]
exit                    0x00004b67    0x8  Code  Gb  exit.o [3]
getPClock               0x00003c15   0x3e  Code  Lc  lpc17xx_timer.o [1]
main                    0x000029c9    0x8  Code  Gb  main.o [1]
memcpy                  0x000048bf   0x16  Code  Gb  Flash.o [1]
memset                  0x00004739   0x16  Code  Gb  Command.o [1]
modem_OFF               0x000032ed   0x36  Code  Gb  Modem.o [1]
modem_ring              0x10000004  0x800  Data  Gb  Modem.o [1]
msTicks                 0x10000a64    0x4  Data  Lc  Timer.o [1]
ring_head               0x10000a5c    0x4  Data  Gb  Modem.o [1]
ring_tail               0x10000a60    0x4  Data  Gb  Modem.o [1]
set_OpenDrainMode       0x000037e5   0x34  Code  Lc  lpc17xx_pinsel.o [1]
set_PinFunc             0x00003755   0x48  Code  Lc  lpc17xx_pinsel.o [1]
set_ResistorMode        0x0000379d   0x48  Code  Lc  lpc17xx_pinsel.o [1]
time_out                0x10000a82    0x1  Data  Gb  Uart.o [1]
uart_set_divisors       0x00002001  0x184  Code  Lc  lpc17xx_uart.o [1]


[1] = C:\Proj\EKLZ_ALKO\IAR_EWARM\Flash100\Obj
[2] = command line
[3] = dl7M_tln.a
[4] = m7M_tl.a
[5] = rt7M_tl.a
[6] = shb_l.a

  11 316 bytes of readonly  code memory
     249 bytes of readonly  data memory
   3 973 bytes of readwrite data memory

Errors: none
Warnings: none
