###############################################################################
#                                                                             #
# IAR ELF Linker V6.50.3.4676/W32 for ARM               03/Jul/2014  16:46:46 #
# Copyright 2007-2013 IAR Systems AB.                                         #
#                                                                             #
#    Output file  =  C:\AK\EKLZ_ALKO\IAR_EWARM\Flash\Exe\LPC1700CMSIS.out.tmp #
#    Map file     =  C:\AK\EKLZ_ALKO\IAR_EWARM\Flash\List\LPC1700CMSIS.map    #
#    Command line =  C:\AK\EKLZ_ALKO\IAR_EWARM\Flash\Obj\Command.o            #
#                    C:\AK\EKLZ_ALKO\IAR_EWARM\Flash\Obj\Flash.o              #
#                    C:\AK\EKLZ_ALKO\IAR_EWARM\Flash\Obj\Init.o               #
#                    C:\AK\EKLZ_ALKO\IAR_EWARM\Flash\Obj\Modem.o              #
#                    C:\AK\EKLZ_ALKO\IAR_EWARM\Flash\Obj\Spi.o                #
#                    C:\AK\EKLZ_ALKO\IAR_EWARM\Flash\Obj\Timer.o              #
#                    C:\AK\EKLZ_ALKO\IAR_EWARM\Flash\Obj\Uart.o               #
#                    C:\AK\EKLZ_ALKO\IAR_EWARM\Flash\Obj\crypto.o             #
#                    C:\AK\EKLZ_ALKO\IAR_EWARM\Flash\Obj\debug_frmwrk.o       #
#                    C:\AK\EKLZ_ALKO\IAR_EWARM\Flash\Obj\i2c.o                #
#                    C:\AK\EKLZ_ALKO\IAR_EWARM\Flash\Obj\lpc17xx_adc.o        #
#                    C:\AK\EKLZ_ALKO\IAR_EWARM\Flash\Obj\lpc17xx_can.o        #
#                    C:\AK\EKLZ_ALKO\IAR_EWARM\Flash\Obj\lpc17xx_clkpwr.o     #
#                    C:\AK\EKLZ_ALKO\IAR_EWARM\Flash\Obj\lpc17xx_dac.o        #
#                    C:\AK\EKLZ_ALKO\IAR_EWARM\Flash\Obj\lpc17xx_emac.o       #
#                    C:\AK\EKLZ_ALKO\IAR_EWARM\Flash\Obj\lpc17xx_exti.o       #
#                    C:\AK\EKLZ_ALKO\IAR_EWARM\Flash\Obj\lpc17xx_gpdma.o      #
#                    C:\AK\EKLZ_ALKO\IAR_EWARM\Flash\Obj\lpc17xx_gpio.o       #
#                    C:\AK\EKLZ_ALKO\IAR_EWARM\Flash\Obj\lpc17xx_i2c.o        #
#                    C:\AK\EKLZ_ALKO\IAR_EWARM\Flash\Obj\lpc17xx_i2s.o        #
#                    C:\AK\EKLZ_ALKO\IAR_EWARM\Flash\Obj\lpc17xx_libcfg_defau #
#                    lt.o C:\AK\EKLZ_ALKO\IAR_EWARM\Flash\Obj\lpc17xx_mcpwm.o #
#                     C:\AK\EKLZ_ALKO\IAR_EWARM\Flash\Obj\lpc17xx_nvic.o      #
#                    C:\AK\EKLZ_ALKO\IAR_EWARM\Flash\Obj\lpc17xx_pinsel.o     #
#                    C:\AK\EKLZ_ALKO\IAR_EWARM\Flash\Obj\lpc17xx_pwm.o        #
#                    C:\AK\EKLZ_ALKO\IAR_EWARM\Flash\Obj\lpc17xx_qei.o        #
#                    C:\AK\EKLZ_ALKO\IAR_EWARM\Flash\Obj\lpc17xx_rit.o        #
#                    C:\AK\EKLZ_ALKO\IAR_EWARM\Flash\Obj\lpc17xx_rtc.o        #
#                    C:\AK\EKLZ_ALKO\IAR_EWARM\Flash\Obj\lpc17xx_spi.o        #
#                    C:\AK\EKLZ_ALKO\IAR_EWARM\Flash\Obj\lpc17xx_ssp.o        #
#                    C:\AK\EKLZ_ALKO\IAR_EWARM\Flash\Obj\lpc17xx_systick.o    #
#                    C:\AK\EKLZ_ALKO\IAR_EWARM\Flash\Obj\lpc17xx_timer.o      #
#                    C:\AK\EKLZ_ALKO\IAR_EWARM\Flash\Obj\lpc17xx_uart.o       #
#                    C:\AK\EKLZ_ALKO\IAR_EWARM\Flash\Obj\lpc17xx_wdt.o        #
#                    C:\AK\EKLZ_ALKO\IAR_EWARM\Flash\Obj\main.o               #
#                    C:\AK\EKLZ_ALKO\IAR_EWARM\Flash\Obj\startup_LPC17xx.o    #
#                    C:\AK\EKLZ_ALKO\IAR_EWARM\Flash\Obj\system_LPC17xx.o     #
#                    --redirect _Printf=_PrintfFull --redirect                #
#                    _Scanf=_ScanfFull -o C:\AK\EKLZ_ALKO\IAR_EWARM\Flash\Exe #
#                    \LPC1700CMSIS.out.tmp --map                              #
#                    C:\AK\EKLZ_ALKO\IAR_EWARM\Flash\List\LPC1700CMSIS.map    #
#                    --config C:\AK\EKLZ_ALKO\makesection\makerule\common\lds #
#                    cript_irom_iar.ld --semihosting --entry                  #
#                    __iar_program_start --vfe                                #
#                                                                             #
#                                                                             #
###############################################################################

*******************************************************************************
*** RUNTIME MODEL ATTRIBUTES
***

CppFlavor       = *
__SystemLibrary = DLib


*******************************************************************************
*** PLACEMENT SUMMARY
***

"A1":  place at 0x00000000 { section .intvec };
"P1":  place in [from 0x00000000 to 0x00000fff] |
                [from 0x00002000 to 0x0007ffff] { ro };
"P2":  place in [from 0x10000000 to 0x10007fdf] { rw, block CSTACK, block HEAP };

  Section            Kind        Address    Size  Object
  -------            ----        -------    ----  ------
"A1":                                       0xcc
  .intvec            ro code  0x00000000    0xcc  startup_LPC17xx.o [1]
                            - 0x000000cc    0xcc

"P1", part 1 of 2:                           0x8
  .rodata            const    0x000000cc     0x0  zero_init3.o [5]
  .rodata            const    0x000000cc     0x0  rle_init.o [5]
  Initializer bytes  ro data  0x000000cc     0x5  <for P2 s0>
                            - 0x000000d1     0x5

"P1", part 2 of 2:                        0x1ed0
  .text              ro code  0x00002000   0x5e4  lpc17xx_uart.o [1]
  .text              ro code  0x000025e4   0x108  lpc17xx_clkpwr.o [1]
  .text              ro code  0x000026ec    0x76  main.o [1]
  .text              ro code  0x00002762    0x22  zero_init3.o [5]
  .text              ro code  0x00002784   0x188  Uart.o [1]
  .text              ro code  0x0000290c   0x1ec  Timer.o [1]
  .text              ro code  0x00002af8    0x7a  Init.o [1]
  .text              ro code  0x00002b74   0x124  Spi.o [1]
  .text              ro code  0x00002c98    0x44  Command.o [1]
  .text              ro code  0x00002cdc    0xf4  lpc17xx_pinsel.o [1]
  .text              ro code  0x00002dd0    0xe8  lpc17xx_systick.o [1]
  .text              ro code  0x00002eb8   0x23c  system_LPC17xx.o [1]
  .text              ro code  0x000030f4   0x47c  lpc17xx_timer.o [1]
  .text              ro code  0x00003570    0xa4  lpc17xx_gpio.o [1]
  .text              ro code  0x00003614    0xbc  lpc17xx_spi.o [1]
  .text              ro code  0x000036d0   0x280  crypto.o [1]
  .text              ro code  0x00003950    0x1e  I32ToFlt.o [4]
  .text              ro code  0x00003970    0x24  FltCmpLe.o [4]
  .text              ro code  0x00003994    0xee  I64DivMod.o [5]
  .text              ro code  0x00003a84     0x2  I64DivZer.o [5]
  .text              ro code  0x00003a88   0x160  i2c.o [1]
  .text              ro code  0x00003be8    0xbe  rle_init.o [5]
  .text              ro code  0x00003ca6     0x6  abort.o [3]
  .text              ro code  0x00003cac    0x14  exit.o [6]
  .rodata            const    0x00003cc0    0x34  lpc17xx_systick.o [1]
  .rodata            const    0x00003cf4    0x30  lpc17xx_spi.o [1]
  .rodata            const    0x00003d24    0x30  lpc17xx_timer.o [1]
  .rodata            const    0x00003d54    0x30  lpc17xx_uart.o [1]
  .text              ro code  0x00003d84    0x28  data_init.o [5]
  .iar.init_table    const    0x00003dac    0x2c  - Linker created -
  .text              ro code  0x00003dd8    0x16  cmain.o [5]
  .text              ro code  0x00003dee     0x4  low_level_init.o [3]
  .text              ro code  0x00003df2     0x4  exit.o [3]
  .text              ro code  0x00003df8     0xa  cexit.o [5]
  .text              ro code  0x00003e04    0x10  startup_LPC17xx.o [1]
  .text              ro code  0x00003e14     0xc  cstartup_M.o [5]
  .text              ro code  0x00003e20     0x4  startup_LPC17xx.o [1]
  .text              ro code  0x00003e24     0x4  startup_LPC17xx.o [1]
  .text              ro code  0x00003e28     0x4  startup_LPC17xx.o [1]
  .text              ro code  0x00003e2c     0x4  startup_LPC17xx.o [1]
  .text              ro code  0x00003e30     0x4  startup_LPC17xx.o [1]
  .text              ro code  0x00003e34     0x4  startup_LPC17xx.o [1]
  .text              ro code  0x00003e38     0x4  startup_LPC17xx.o [1]
  .text              ro code  0x00003e3c     0x4  startup_LPC17xx.o [1]
  .text              ro code  0x00003e40     0x4  startup_LPC17xx.o [1]
  .text              ro code  0x00003e44     0x4  startup_LPC17xx.o [1]
  .text              ro code  0x00003e48     0x4  startup_LPC17xx.o [1]
  .text              ro code  0x00003e4c     0x4  startup_LPC17xx.o [1]
  .text              ro code  0x00003e50     0x4  startup_LPC17xx.o [1]
  .text              ro code  0x00003e54     0x4  startup_LPC17xx.o [1]
  .text              ro code  0x00003e58     0x4  startup_LPC17xx.o [1]
  .text              ro code  0x00003e5c     0x4  startup_LPC17xx.o [1]
  .text              ro code  0x00003e60     0x4  startup_LPC17xx.o [1]
  .text              ro code  0x00003e64     0x4  startup_LPC17xx.o [1]
  .text              ro code  0x00003e68     0x4  startup_LPC17xx.o [1]
  .text              ro code  0x00003e6c     0x4  startup_LPC17xx.o [1]
  .text              ro code  0x00003e70     0x4  startup_LPC17xx.o [1]
  .text              ro code  0x00003e74     0x4  startup_LPC17xx.o [1]
  .text              ro code  0x00003e78     0x4  startup_LPC17xx.o [1]
  .text              ro code  0x00003e7c     0x4  startup_LPC17xx.o [1]
  .text              ro code  0x00003e80     0x4  startup_LPC17xx.o [1]
  .text              ro code  0x00003e84     0x4  startup_LPC17xx.o [1]
  .text              ro code  0x00003e88     0x4  startup_LPC17xx.o [1]
  .text              ro code  0x00003e8c     0x4  startup_LPC17xx.o [1]
  .text              ro code  0x00003e90     0x4  startup_LPC17xx.o [1]
  .text              ro code  0x00003e94     0x4  startup_LPC17xx.o [1]
  .text              ro code  0x00003e98     0x4  startup_LPC17xx.o [1]
  .text              ro code  0x00003e9c     0x4  startup_LPC17xx.o [1]
  .text              ro code  0x00003ea0     0x4  startup_LPC17xx.o [1]
  .text              ro code  0x00003ea4     0x4  startup_LPC17xx.o [1]
  .text              ro code  0x00003ea8     0x4  startup_LPC17xx.o [1]
  .text              ro code  0x00003eac     0x4  startup_LPC17xx.o [1]
  .text              ro code  0x00003eb0     0x4  startup_LPC17xx.o [1]
  .text              ro code  0x00003eb4     0x4  startup_LPC17xx.o [1]
  .text              ro code  0x00003eb8     0x4  startup_LPC17xx.o [1]
  .text              ro code  0x00003ebc     0x4  startup_LPC17xx.o [1]
  .text              ro code  0x00003ec0     0x4  startup_LPC17xx.o [1]
  .text              ro code  0x00003ec4     0x4  startup_LPC17xx.o [1]
  .text              ro code  0x00003ec8     0x4  startup_LPC17xx.o [1]
  .text              ro code  0x00003ecc     0x4  startup_LPC17xx.o [1]
                            - 0x00003ed0  0x1ed0

"P2", part 1 of 3:                           0x4
  P2 s0                       0x10000000     0x4  <Init block>
    .data            inited   0x10000000     0x4  system_LPC17xx.o [1]
                            - 0x10000004     0x4

"P2", part 2 of 3:                         0x24c
  .bss               zero     0x10000004   0x100  Uart.o [1]
  .bss               zero     0x10000104   0x100  Uart.o [1]
  .bss               zero     0x10000204     0xc  Timer.o [1]
  .bss               zero     0x10000210     0xc  Timer.o [1]
  .bss               zero     0x1000021c     0x8  Timer.o [1]
  .bss               zero     0x10000224     0x8  Timer.o [1]
  .bss               zero     0x1000022c     0x8  Uart.o [1]
  .bss               zero     0x10000234     0x4  Timer.o [1]
  .bss               zero     0x10000238     0x4  Uart.o [1]
  .bss               zero     0x1000023c     0x4  Uart.o [1]
  .bss               zero     0x10000240     0x4  i2c.o [1]
  .bss               zero     0x10000244     0x1  Uart.o [1]
  .bss               zero     0x10000245     0x1  Uart.o [1]
  .bss               zero     0x10000246     0x1  Uart.o [1]
  .bss               zero     0x10000247     0x1  Uart.o [1]
  .bss               zero     0x10000248     0x1  crypto.o [1]
  .bss               zero     0x10000249     0x1  main.o [1]
                            - 0x1000024a   0x246

"P2", part 3 of 3:                         0x500
  CSTACK                      0x10000250   0x500  <Block>
    CSTACK           uninit   0x10000250   0x500  <Block tail>
                            - 0x10000750   0x500


*******************************************************************************
*** INIT TABLE
***

          Address     Size
          -------     ----
Zero (__iar_zero_init3)
    1 destination range, total size 0x246:
          0x10000004  0x246

Copy/zeros (__iar_rle_init3)
    1 source range, total size 0x5 (125% of destination):
          0x000000cc    0x5
    1 destination range, total size 0x4:
          0x10000000    0x4



*******************************************************************************
*** MODULE SUMMARY
***

    Module             ro code  ro data  rw data
    ------             -------  -------  -------
C:\AK\EKLZ_ALKO\IAR_EWARM\Flash\Obj: [1]
    Command.o               68
    Init.o                 122
    Spi.o                  292
    Timer.o                492                44
    Uart.o                 392               532
    crypto.o               640                 1
    i2c.o                  352                 4
    lpc17xx_clkpwr.o       264
    lpc17xx_gpio.o         164
    lpc17xx_pinsel.o       244
    lpc17xx_spi.o          188       48
    lpc17xx_systick.o      232       52
    lpc17xx_timer.o      1 148       48
    lpc17xx_uart.o       1 508       48
    main.o                 118                 1
    startup_LPC17xx.o      396
    system_LPC17xx.o       572        5        4
    --------------------------------------------
    Total:               7 192      201      586

command line: [2]
    --------------------------------------------
    Total:

dl7M_tln.a: [3]
    abort.o                  6
    exit.o                   4
    low_level_init.o         4
    --------------------------------------------
    Total:                  14

m7M_tl.a: [4]
    FltCmpLe.o              36
    I32ToFlt.o              30
    --------------------------------------------
    Total:                  66

rt7M_tl.a: [5]
    I64DivMod.o            238
    I64DivZer.o              2
    cexit.o                 10
    cmain.o                 22
    cstartup_M.o            12
    data_init.o             40
    rle_init.o             190
    zero_init3.o            34
    --------------------------------------------
    Total:                 548

shb_l.a: [6]
    exit.o                  20
    --------------------------------------------
    Total:                  20

    Gaps                    12
    Linker created                   44    1 280
------------------------------------------------
    Grand Total:         7 852      245    1 866


*******************************************************************************
*** ENTRY LIST
***

Entry                      Address   Size  Type      Object
-----                      -------   ----  ----      ------
?main                   0x00003dd9         Code  Gb  cmain.o [5]
ADC_IRQHandler          0x00003e9d         Code  Wk  startup_LPC17xx.o [1]
BOD_IRQHandler          0x00003ea1         Code  Wk  startup_LPC17xx.o [1]
BusFault_Handler        0x00003e2d         Code  Wk  startup_LPC17xx.o [1]
CANActivity_IRQHandler  0x00003ecd         Code  Wk  startup_LPC17xx.o [1]
CAN_IRQHandler          0x00003ea9         Code  Wk  startup_LPC17xx.o [1]
CLKPWR_ConfigPPWR       0x000026ab   0x2c  Code  Gb  lpc17xx_clkpwr.o [1]
CLKPWR_GetPCLK          0x00002659   0x52  Code  Gb  lpc17xx_clkpwr.o [1]
CLKPWR_GetPCLKSEL       0x00002635   0x24  Code  Gb  lpc17xx_clkpwr.o [1]
CLKPWR_SetPCLKDiv       0x000025e5   0x50  Code  Gb  lpc17xx_clkpwr.o [1]
CSTACK$$Base            0x10000250          --   Gb  - Linker created -
CSTACK$$Limit           0x10000750          --   Gb  - Linker created -
CS_Force                0x00002c21   0x38  Code  Gb  Spi.o [1]
Channel                 0x10000249    0x1  Data  Gb  main.o [1]
DMA_IRQHandler          0x00003ead         Code  Wk  startup_LPC17xx.o [1]
DebugMon_Handler        0x00003e39         Code  Wk  startup_LPC17xx.o [1]
EINT0_IRQHandler        0x00003e8d         Code  Wk  startup_LPC17xx.o [1]
EINT1_IRQHandler        0x00003e91         Code  Wk  startup_LPC17xx.o [1]
EINT2_IRQHandler        0x00003e95         Code  Wk  startup_LPC17xx.o [1]
EINT3_IRQHandler        0x00003e99         Code  Wk  startup_LPC17xx.o [1]
ENET_IRQHandler         0x00003eb5         Code  Wk  startup_LPC17xx.o [1]
FPO_check               0x00002c99   0x3e  Code  Gb  Command.o [1]
GPIO_ClearValue         0x000035e9   0x16  Code  Gb  lpc17xx_gpio.o [1]
GPIO_GetPointer         0x00003571   0x38  Code  Lc  lpc17xx_gpio.o [1]
GPIO_SetDir             0x000035a9   0x2a  Code  Gb  lpc17xx_gpio.o [1]
GPIO_SetValue           0x000035d3   0x16  Code  Gb  lpc17xx_gpio.o [1]
HardFault_Handler       0x00003e25         Code  Wk  startup_LPC17xx.o [1]
I2C0_IRQHandler         0x00003a89  0x140  Code  Gb  i2c.o [1]
I2C1_IRQHandler         0x00003e71         Code  Wk  startup_LPC17xx.o [1]
I2C2_IRQHandler         0x00003e75         Code  Wk  startup_LPC17xx.o [1]
I2S_IRQHandler          0x00003eb1         Code  Wk  startup_LPC17xx.o [1]
InStream_Read           0x00003be9   0x22  Code  Lc  rle_init.o [5]
Init_GPIO               0x00002af9   0x7a  Code  Gb  Init.o [1]
Init_SPI                0x00002b75   0xac  Code  Gb  Spi.o [1]
Init_Timer0             0x00002987   0x4e  Code  Gb  Timer.o [1]
Init_Timer1             0x00002a2b   0x48  Code  Gb  Timer.o [1]
Init_Uart0              0x00002859   0x50  Code  Gb  Uart.o [1]
Init_Uart_Default       0x00002843   0x16  Code  Gb  Uart.o [1]
Int_UART0_Disable       0x000028b3    0xa  Code  Gb  Uart.o [1]
Int_UART0_Enable        0x000028a9    0xa  Code  Gb  Uart.o [1]
MCPWM_IRQHandler        0x00003ebd         Code  Wk  startup_LPC17xx.o [1]
MUZA_FPO                0x0000377d  0x1c8  Code  Gb  crypto.o [1]
MUZA_Status             0x000036f7   0x86  Code  Gb  crypto.o [1]
MemManage_Handler       0x00003e29         Code  Wk  startup_LPC17xx.o [1]
NMI_Handler             0x00003e21         Code  Wk  startup_LPC17xx.o [1]
NVIC_DisableIRQ         0x0000279d   0x18  Code  Lc  Uart.o [1]
NVIC_EnableIRQ          0x00002785   0x18  Code  Lc  Uart.o [1]
PINSEL_ConfigPin        0x00002dad   0x24  Code  Gb  lpc17xx_pinsel.o [1]
PLL0_IRQHandler         0x00003e85         Code  Wk  startup_LPC17xx.o [1]
PLL1_IRQHandler         0x00003ec5         Code  Wk  startup_LPC17xx.o [1]
PWM1_IRQHandler         0x00003e69         Code  Wk  startup_LPC17xx.o [1]
PendSV_Handler          0x00003e3d         Code  Wk  startup_LPC17xx.o [1]
QEI_IRQHandler          0x00003ec1         Code  Wk  startup_LPC17xx.o [1]
RIT_IRQHandler          0x00003eb9         Code  Wk  startup_LPC17xx.o [1]
RTC_IRQHandler          0x00003e89         Code  Wk  startup_LPC17xx.o [1]
Region$$Table$$Base     0x00003dac          --   Gb  - Linker created -
Region$$Table$$Limit    0x00003dd8          --   Gb  - Linker created -
Reset_Handler           0x00003e05         Code  Wk  startup_LPC17xx.o [1]
SPI_IRQHandler          0x00003e79         Code  Wk  startup_LPC17xx.o [1]
SPI_Init                0x00003665   0x68  Code  Gb  lpc17xx_spi.o [1]
SPI_SetClock            0x00003615   0x50  Code  Gb  lpc17xx_spi.o [1]
SPY_Byte                0x00002c59   0x30  Code  Gb  Spi.o [1]
SSP0_IRQHandler         0x00003e7d         Code  Wk  startup_LPC17xx.o [1]
SSP1_IRQHandler         0x00003e81         Code  Wk  startup_LPC17xx.o [1]
SVC_Handler             0x00003e35         Code  Wk  startup_LPC17xx.o [1]
SYSTICK_Cmd             0x00002e25   0x44  Code  Gb  lpc17xx_systick.o [1]
SYSTICK_IntCmd          0x00002e69   0x44  Code  Gb  lpc17xx_systick.o [1]
SYSTICK_InternalInit    0x00002dd1   0x54  Code  Gb  lpc17xx_systick.o [1]
SysTick_Handler         0x0000290d   0x26  Code  Gb  Timer.o [1]
SystemCoreClock         0x10000000    0x4  Data  Gb  system_LPC17xx.o [1]
SystemCoreClockUpdate   0x00002eb9  0x102  Code  Gb  system_LPC17xx.o [1]
SystemInit              0x00002fbb   0xda  Code  Gb  system_LPC17xx.o [1]
TIM0_Config             0x1000021c    0x8  Data  Gb  Timer.o [1]
TIM0_Match              0x10000204    0xc  Data  Gb  Timer.o [1]
TIM1_Config             0x10000224    0x8  Data  Gb  Timer.o [1]
TIM1_Match              0x10000210    0xc  Data  Gb  Timer.o [1]
TIMER0_IRQHandler       0x00003e49         Code  Wk  startup_LPC17xx.o [1]
TIMER1_IRQHandler       0x00003e4d         Code  Wk  startup_LPC17xx.o [1]
TIMER2_IRQHandler       0x00003e51         Code  Wk  startup_LPC17xx.o [1]
TIMER3_IRQHandler       0x00003e55         Code  Wk  startup_LPC17xx.o [1]
TIM_ClearIntPending     0x00003225   0x70  Code  Gb  lpc17xx_timer.o [1]
TIM_Cmd                 0x000033d5   0x4c  Code  Gb  lpc17xx_timer.o [1]
TIM_ConfigMatch         0x00003461  0x100  Code  Gb  lpc17xx_timer.o [1]
TIM_GetIntStatus        0x000031a9   0x7c  Code  Gb  lpc17xx_timer.o [1]
TIM_Init                0x00003295  0x140  Code  Gb  lpc17xx_timer.o [1]
TIM_ResetCounter        0x00003421   0x40  Code  Gb  lpc17xx_timer.o [1]
Timer0_Start            0x000029d5   0x26  Code  Gb  Timer.o [1]
Timer0_Status           0x00002a13   0x18  Code  Gb  Timer.o [1]
Timer0_Stop             0x000029fb   0x18  Code  Gb  Timer.o [1]
Timer1_Start            0x00002a73   0x20  Code  Gb  Timer.o [1]
Timer1_Status           0x00002aa7   0x16  Code  Gb  Timer.o [1]
Timer1_Stop             0x00002a93   0x14  Code  Gb  Timer.o [1]
Timer_Init              0x00002933   0x20  Code  Gb  Timer.o [1]
Timer_Restart           0x00002953    0xe  Code  Gb  Timer.o [1]
Timer_Start             0x00002961   0x16  Code  Gb  Timer.o [1]
Timer_Stop              0x00002977   0x10  Code  Gb  Timer.o [1]
UART0_Cfg               0x1000022c    0x8  Data  Gb  Uart.o [1]
UART0_IRQHandler        0x000027b5   0x8e  Code  Gb  Uart.o [1]
UART1_IRQHandler        0x00003e5d         Code  Wk  startup_LPC17xx.o [1]
UART2_IRQHandler        0x00003e61         Code  Wk  startup_LPC17xx.o [1]
UART3_IRQHandler        0x00003e65         Code  Wk  startup_LPC17xx.o [1]
UARTFIFOConfigStruct    0x10000238    0x4  Data  Gb  Uart.o [1]
UART_ConfigStructInit   0x00002379   0x14  Code  Gb  lpc17xx_uart.o [1]
UART_DONE               0x10000247    0x1  Data  Gb  Uart.o [1]
UART_FIFOConfigStructInit
                        0x00002525   0x12  Code  Gb  lpc17xx_uart.o [1]
UART_Init               0x00002185  0x1f4  Code  Gb  lpc17xx_uart.o [1]
UART_IntConfig          0x000023d5  0x150  Code  Gb  lpc17xx_uart.o [1]
UART_RCV_COUNT          0x10000245    0x1  Data  Gb  Uart.o [1]
UART_ReceiveByte        0x0000238d   0x48  Code  Gb  lpc17xx_uart.o [1]
UART_TMIO               0x10000246    0x1  Data  Gb  Uart.o [1]
UART_TxCmd              0x00002539   0x94  Code  Gb  lpc17xx_uart.o [1]
UART_refresh            0x000028bd   0x1e  Code  Gb  Uart.o [1]
USBActivity_IRQHandler  0x00003ec9         Code  Wk  startup_LPC17xx.o [1]
USB_IRQHandler          0x00003ea5         Code  Wk  startup_LPC17xx.o [1]
UsageFault_Handler      0x00003e31         Code  Wk  startup_LPC17xx.o [1]
WDT_IRQHandler          0x00003e45         Code  Wk  startup_LPC17xx.o [1]
WIN                     0x000036d1   0x26  Code  Gb  crypto.o [1]
Wait                    0x00002ae1   0x18  Code  Gb  Timer.o [1]
__Vectors               0x00000000          --   Gb  startup_LPC17xx.o [1]
__Vectors_End           0x000000cc         Data  Gb  startup_LPC17xx.o [1]
__Vectors_Size {Abs}    0x000000cc          --   Gb  startup_LPC17xx.o [1]
__aeabi_cfcmple         0x00003971         Code  Gb  FltCmpLe.o [4]
__aeabi_ldiv0           0x00003a85         Code  Gb  I64DivZer.o [5]
__aeabi_ui2f            0x00003951         Code  Gb  I32ToFlt.o [4]
__aeabi_uldivmod        0x00003995         Code  Gb  I64DivMod.o [5]
__cmain                 0x00003dd9         Code  Gb  cmain.o [5]
__exit                  0x00003cad   0x14  Code  Gb  exit.o [6]
__iar_data_init3        0x00003d85   0x28  Code  Gb  data_init.o [5]
__iar_program_start     0x00003e15         Code  Gb  cstartup_M.o [5]
__iar_rle_init3         0x00003c0b   0x9c  Code  Gb  rle_init.o [5]
__iar_ui2f              0x00003955         Code  Gb  I32ToFlt.o [4]
__iar_zero_init3        0x00002763   0x22  Code  Gb  zero_init3.o [5]
__low_level_init        0x00003def    0x4  Code  Gb  low_level_init.o [3]
__vector_table          0x00000000         Data  Gb  startup_LPC17xx.o [1]
__vector_table_0x1c     0x0000001c         Data  Gb  startup_LPC17xx.o [1]
_call_main              0x00003de5         Code  Gb  cmain.o [5]
_exit                   0x00003df9         Code  Gb  cexit.o [5]
_main                   0x00003deb         Code  Gb  cmain.o [5]
abort                   0x00003ca7    0x6  Code  Gb  abort.o [3]
c_entry                 0x000026ed   0x5e  Code  Gb  main.o [1]
check_failed            0x00002761    0x2  Code  Gb  main.o [1]
converPtrToTimeNum      0x0000316b   0x3c  Code  Lc  lpc17xx_timer.o [1]
converUSecToVal         0x00003133   0x38  Code  Lc  lpc17xx_timer.o [1]
data_rd_UART            0x10000004  0x100  Data  Gb  Uart.o [1]
data_wr_UART            0x10000104  0x100  Data  Gb  Uart.o [1]
exit                    0x00003df3    0x4  Code  Gb  exit.o [3]
getPClock               0x000030f5   0x3e  Code  Lc  lpc17xx_timer.o [1]
main                    0x00002759    0x8  Code  Gb  main.o [1]
msTicks                 0x10000234    0x4  Data  Lc  Timer.o [1]
muza_stat               0x10000248    0x1  Data  Gb  crypto.o [1]
set_OpenDrainMode       0x00002d6d   0x34  Code  Lc  lpc17xx_pinsel.o [1]
set_PinFunc             0x00002cdd   0x48  Code  Lc  lpc17xx_pinsel.o [1]
set_ResistorMode        0x00002d25   0x48  Code  Lc  lpc17xx_pinsel.o [1]
time_out                0x10000244    0x1  Data  Gb  Uart.o [1]
uart_set_divisors       0x00002001  0x184  Code  Lc  lpc17xx_uart.o [1]


[1] = C:\AK\EKLZ_ALKO\IAR_EWARM\Flash\Obj
[2] = command line
[3] = dl7M_tln.a
[4] = m7M_tl.a
[5] = rt7M_tl.a
[6] = shb_l.a

  7 852 bytes of readonly  code memory
    245 bytes of readonly  data memory
  1 866 bytes of readwrite data memory

Errors: none
Warnings: none
